--> regression-out0.arff
moa.classifiers.trees.FIMTDD -s VarianceReductionSplitCriterion

Index
  100
Votes
  0: 55948.38383838
Measurements
  classified instances: 99
  mean absolute error: 35444.46456824
  root mean squared error: 66201.40505691
  relative mean absolute error: 1.01890362
  relative root mean squared error: 1.01837638
Model measurements
  model training instances: 99
  tree size (leaves): 1

Index
  200
Votes
  0: 47263.67336683
Measurements
  classified instances: 199
  mean absolute error: 32548.99927294
  root mean squared error: 52948.02279012
  relative mean absolute error: 1.0199549
  relative root mean squared error: 1.01844209
Model measurements
  model training instances: 199
  tree size (leaves): 1

Index
  300
Votes
  0: 48188.16053512
Measurements
  classified instances: 299
  mean absolute error: 31147.19160984
  root mean squared error: 50971.40921934
  relative mean absolute error: 1.01332238
  relative root mean squared error: 1.0131824
Model measurements
  model training instances: 299
  tree size (leaves): 1

Index
  400
Votes
  0: 3080.88742888
Measurements
  classified instances: 399
  mean absolute error: 32331.73124361
  root mean squared error: 52593.02231422
  relative mean absolute error: 0.99464222
  relative root mean squared error: 0.98085082
Model measurements
  model training instances: 399
  tree size (leaves): 1

Index
  500
Votes
  0: 54369.88176189
Measurements
  classified instances: 499
  mean absolute error: 31657.80053506
  root mean squared error: 49979.85750458
  relative mean absolute error: 0.99355352
  relative root mean squared error: 0.97365847
Model measurements
  model training instances: 499
  tree size (leaves): 1

Index
  600
Votes
  0: 51332.7422228
Measurements
  classified instances: 599
  mean absolute error: 30791.1159643
  root mean squared error: 50110.51607687
  relative mean absolute error: 0.96992155
  relative root mean squared error: 0.95576957
Model measurements
  model training instances: 599
  tree size (leaves): 1

Index
  700
Votes
  0: 38868.1487045
Measurements
  classified instances: 699
  mean absolute error: 29492.75310717
  root mean squared error: 47788.73649819
  relative mean absolute error: 0.93779543
  relative root mean squared error: 0.94069476
Model measurements
  model training instances: 699
  tree size (leaves): 1

Index
  800
Votes
  0: 52424.57194715
Measurements
  classified instances: 799
  mean absolute error: 28986.43608689
  root mean squared error: 46694.58831396
  relative mean absolute error: 0.91974551
  relative root mean squared error: 0.92783885
Model measurements
  model training instances: 799
  tree size (leaves): 1

Index
  900
Votes
  0: 14478.1712064
Measurements
  classified instances: 899
  mean absolute error: 28084.20646325
  root mean squared error: 44948.27492007
  relative mean absolute error: 0.90657861
  relative root mean squared error: 0.92085837
Model measurements
  model training instances: 899
  tree size (leaves): 1

Index
  1000
Votes
  0: 34359.9822147
Measurements
  classified instances: 999
  mean absolute error: 27542.95886511
  root mean squared error: 43765.66532044
  relative mean absolute error: 0.88674599
  relative root mean squared error: 0.90142685
Model measurements
  model training instances: 999
  tree size (leaves): 1



