--> regression-out0.arff
moa.classifiers.trees.FIMTDD -s VarianceReductionSplitCriterion

Index
  100
Votes
  0: 71622.73971689
Measurements
  classified instances: 99
  mean absolute error: 99996.89404812
  root mean squared error: 140869.24410153
  relative mean absolute error: 2.87455879
  relative root mean squared error: 2.16699194
Model measurements
  model training instances: 99
  tree size (leaves): 1

Index
  200
Votes
  0: -5264.59327912
Measurements
  classified instances: 199
  mean absolute error: 86273.76746449
  root mean squared error: 121447.35397784
  relative mean absolute error: 2.70347334
  relative root mean squared error: 2.33600975
Model measurements
  model training instances: 199
  tree size (leaves): 1

Index
  300
Votes
  0: 72969.23258838
Measurements
  classified instances: 299
  mean absolute error: 77170.93816522
  root mean squared error: 111033.54110199
  relative mean absolute error: 2.51062889
  relative root mean squared error: 2.20706532
Model measurements
  model training instances: 299
  tree size (leaves): 2

Index
  400
Votes
  0: -41682.86905916
Measurements
  classified instances: 399
  mean absolute error: 73163.01242608
  root mean squared error: 106698.55569198
  relative mean absolute error: 2.25076167
  relative root mean squared error: 1.98990971
Model measurements
  model training instances: 399
  tree size (leaves): 2

Index
  500
Votes
  0: 45444.78657479
Measurements
  classified instances: 499
  mean absolute error: 65847.71613012
  root mean squared error: 97826.30734892
  relative mean absolute error: 2.06657535
  relative root mean squared error: 1.905756
Model measurements
  model training instances: 499
  tree size (leaves): 2

Index
  600
Votes
  0: 9927.64985553
Measurements
  classified instances: 599
  mean absolute error: 61072.56922293
  root mean squared error: 91890.31722165
  relative mean absolute error: 1.9237887
  relative root mean squared error: 1.75264547
Model measurements
  model training instances: 599
  tree size (leaves): 2

Index
  700
Votes
  0: 72480.26637578
Measurements
  classified instances: 699
  mean absolute error: 57600.98545608
  root mean squared error: 87024.29804229
  relative mean absolute error: 1.83156659
  relative root mean squared error: 1.71302501
Model measurements
  model training instances: 699
  tree size (leaves): 2

Index
  800
Votes
  0: 60609.45269188
Measurements
  classified instances: 799
  mean absolute error: 54288.65835249
  root mean squared error: 83081.44102444
  relative mean absolute error: 1.72259017
  relative root mean squared error: 1.65085915
Model measurements
  model training instances: 799
  tree size (leaves): 2

Index
  900
Votes
  0: 3653.33106998
Measurements
  classified instances: 899
  mean absolute error: 51283.11201856
  root mean squared error: 79287.58006333
  relative mean absolute error: 1.65545615
  relative root mean squared error: 1.62437006
Model measurements
  model training instances: 899
  tree size (leaves): 2

Index
  1000
Votes
  0: 38659.9687188
Measurements
  classified instances: 999
  mean absolute error: 48825.19907699
  root mean squared error: 76274.17698211
  relative mean absolute error: 1.57192805
  relative root mean squared error: 1.57099385
Model measurements
  model training instances: 999
  tree size (leaves): 2



