--> regression-out0.arff
moa.classifiers.trees.ORTO -s VarianceReductionSplitCriterion

Index
  100
Votes
  0: 71622.73971689
Measurements
  classified instances: 99
  mean absolute error: 99996.89404812
  root mean squared error: 140869.24410153
  relative mean absolute error: 2.87455879
  relative root mean squared error: 2.16699194
Model measurements
  model training instances: 99
  number of subtrees: 1
  tree size (nodes): 1
  tree size (leaves): 1
  number of option nodes: 0

Index
  200
Votes
  0: -5264.59327912
Measurements
  classified instances: 199
  mean absolute error: 86273.76746449
  root mean squared error: 121447.35397784
  relative mean absolute error: 2.70347334
  relative root mean squared error: 2.33600975
Model measurements
  model training instances: 199
  number of subtrees: 1
  tree size (nodes): 1
  tree size (leaves): 1
  number of option nodes: 0

Index
  300
Votes
  0: 56941.02556771
Measurements
  classified instances: 299
  mean absolute error: 79646.66024834
  root mean squared error: 113974.39751727
  relative mean absolute error: 2.59117241
  relative root mean squared error: 2.26552209
Model measurements
  model training instances: 299
  number of subtrees: 1
  tree size (nodes): 3
  tree size (leaves): 2
  number of option nodes: 0

Index
  400
Votes
  0: -11783.96519566
Measurements
  classified instances: 399
  mean absolute error: 74545.45159842
  root mean squared error: 115041.41511421
  relative mean absolute error: 2.29329055
  relative root mean squared error: 2.1455026
Model measurements
  model training instances: 399
  number of subtrees: 1
  tree size (nodes): 3
  tree size (leaves): 2
  number of option nodes: 0

Index
  500
Votes
  0: 88705.01121483
Measurements
  classified instances: 499
  mean absolute error: 71660.51459189
  root mean squared error: 109448.19586749
  relative mean absolute error: 2.24900515
  relative root mean squared error: 2.13216221
Model measurements
  model training instances: 499
  number of subtrees: 1
  tree size (nodes): 5
  tree size (leaves): 3
  number of option nodes: 0

Index
  600
Votes
  0: 75115.45899327
Measurements
  classified instances: 599
  mean absolute error: 69632.46492345
  root mean squared error: 105432.18407086
  relative mean absolute error: 2.1934258
  relative root mean squared error: 2.01093266
Model measurements
  model training instances: 599
  number of subtrees: 1
  tree size (nodes): 5
  tree size (leaves): 3
  number of option nodes: 0

Index
  700
Votes
  0: -19935.91970898
Measurements
  classified instances: 699
  mean absolute error: 67748.54406664
  root mean squared error: 101644.72210786
  relative mean absolute error: 2.15423345
  relative root mean squared error: 2.00081995
Model measurements
  model training instances: 699
  number of subtrees: 1
  tree size (nodes): 7
  tree size (leaves): 4
  number of option nodes: 0

Index
  800
Votes
  0: 104347.11455354
Measurements
  classified instances: 799
  mean absolute error: 67138.86990774
  root mean squared error: 106245.56581861
  relative mean absolute error: 2.13032999
  relative root mean squared error: 2.11113894
Model measurements
  model training instances: 799
  number of subtrees: 1
  tree size (nodes): 7
  tree size (leaves): 4
  number of option nodes: 0

Index
  900
Votes
  0: 68260.81740209
Measurements
  classified instances: 899
  mean absolute error: 64700.03712766
  root mean squared error: 102296.95096271
  relative mean absolute error: 2.08856426
  relative root mean squared error: 2.09576461
Model measurements
  model training instances: 899
  number of subtrees: 1
  tree size (nodes): 9
  tree size (leaves): 5
  number of option nodes: 0

Index
  1000
Votes
  0: 49188.7135142
Measurements
  classified instances: 999
  mean absolute error: 64720.91088342
  root mean squared error: 101947.30173238
  relative mean absolute error: 2.08369075
  relative root mean squared error: 2.09977466
Model measurements
  model training instances: 999
  number of subtrees: 1
  tree size (nodes): 9
  tree size (leaves): 5
  number of option nodes: 0



