--> classification-out0.arff
moa.classifiers.meta.LeveragingBag

Index
  10000
Votes
  0: 10
  1: 0
Measurements
  classified instances: 9999
  classifications correct (percent): 86.04860486
  Kappa Statistic (percent): 70.77359472
  Kappa Temporal Statistic (percent): 70.59443508
  Kappa M Statistic (percent): 65.93406593
Model measurements
  model training instances: 9999
  ensemble size: 10
  change detections: 0
  [avg] model training instances: 59930.6
  [err] model training instances: 145.55884644
  [avg] tree size (nodes): 142.8
  [err] tree size (nodes): 37.66165158
  [avg] tree size (leaves): 98
  [err] tree size (leaves): 31.83289703
  [avg] active learning leaves: 98
  [err] active learning leaves: 31.83289703
  [avg] tree depth: 4.8
  [err] tree depth: 0.42163702
  [avg] active leaf byte size estimate: 0
  [err] active leaf byte size estimate: 0
  [avg] inactive leaf byte size estimate: 0
  [err] inactive leaf byte size estimate: 0
  [avg] byte size estimate overhead: 1
  [err] byte size estimate overhead: 0

Index
  20000
Votes
  0: 2.20186054
  1: 7.79813946
Measurements
  classified instances: 19999
  classifications correct (percent): 87.88439422
  Kappa Statistic (percent): 74.86182586
  Kappa Temporal Statistic (percent): 74.70508404
  Kappa M Statistic (percent): 70.95420762
Model measurements
  model training instances: 19999
  ensemble size: 10
  change detections: 0
  [avg] model training instances: 120024.6
  [err] model training instances: 227.44826029
  [avg] tree size (nodes): 241
  [err] tree size (nodes): 53.18103254
  [avg] tree size (leaves): 156.7
  [err] tree size (leaves): 44.71899919
  [avg] active learning leaves: 156.7
  [err] active learning leaves: 44.71899919
  [avg] tree depth: 5.6
  [err] tree depth: 0.51639778
  [avg] active leaf byte size estimate: 0
  [err] active leaf byte size estimate: 0
  [avg] inactive leaf byte size estimate: 0
  [err] inactive leaf byte size estimate: 0
  [avg] byte size estimate overhead: 1
  [err] byte size estimate overhead: 0

Index
  30000
Votes
  0: 0
  1: 10
Measurements
  classified instances: 29999
  classifications correct (percent): 89.25964199
  Kappa Statistic (percent): 77.73449007
  Kappa Temporal Statistic (percent): 77.74400774
  Kappa M Statistic (percent): 74.19923126
Model measurements
  model training instances: 29999
  ensemble size: 10
  change detections: 0
  [avg] model training instances: 179897.5
  [err] model training instances: 323.34579014
  [avg] tree size (nodes): 322.1
  [err] tree size (nodes): 71.14062755
  [avg] tree size (leaves): 205.5
  [err] tree size (leaves): 55.09436349
  [avg] active learning leaves: 205.5
  [err] active learning leaves: 55.09436349
  [avg] tree depth: 6.1
  [err] tree depth: 0.31622777
  [avg] active leaf byte size estimate: 0
  [err] active leaf byte size estimate: 0
  [avg] inactive leaf byte size estimate: 0
  [err] inactive leaf byte size estimate: 0
  [avg] byte size estimate overhead: 1
  [err] byte size estimate overhead: 0

Index
  40000
Votes
  0: 0.21820624
  1: 9.78179376
Measurements
  classified instances: 39999
  classifications correct (percent): 90.16975424
  Kappa Statistic (percent): 79.66017295
  Kappa Temporal Statistic (percent): 79.68063666
  Kappa M Statistic (percent): 76.48325359
Model measurements
  model training instances: 39999
  ensemble size: 10
  change detections: 0
  [avg] model training instances: 239845.5
  [err] model training instances: 388.10458213
  [avg] tree size (nodes): 387.2
  [err] tree size (nodes): 74.7957218
  [avg] tree size (leaves): 245.4
  [err] tree size (leaves): 56.85302689
  [avg] active learning leaves: 245.4
  [err] active learning leaves: 56.85302689
  [avg] tree depth: 6.3
  [err] tree depth: 0.48304589
  [avg] active leaf byte size estimate: 0
  [err] active leaf byte size estimate: 0
  [avg] inactive leaf byte size estimate: 0
  [err] inactive leaf byte size estimate: 0
  [avg] byte size estimate overhead: 1
  [err] byte size estimate overhead: 0

Index
  50000
Votes
  0: 7.48066863
  1: 1.51933137
Measurements
  classified instances: 49999
  classifications correct (percent): 90.86381728
  Kappa Statistic (percent): 81.1110582
  Kappa Temporal Statistic (percent): 81.09114993
  Kappa M Statistic (percent): 78.13935681
Model measurements
  model training instances: 49999
  ensemble size: 10
  change detections: 0
  [avg] model training instances: 299847.7
  [err] model training instances: 395.21894073
  [avg] tree size (nodes): 466.2
  [err] tree size (nodes): 81.81388092
  [avg] tree size (leaves): 296.6
  [err] tree size (leaves): 59.55986717
  [avg] active learning leaves: 296.6
  [err] active learning leaves: 59.55986717
  [avg] tree depth: 6.7
  [err] tree depth: 0.48304589
  [avg] active leaf byte size estimate: 0
  [err] active leaf byte size estimate: 0
  [avg] inactive leaf byte size estimate: 0
  [err] inactive leaf byte size estimate: 0
  [avg] byte size estimate overhead: 1
  [err] byte size estimate overhead: 0

Index
  60000
Votes
  0: 0.03413939
  1: 9.96586061
Measurements
  classified instances: 59999
  classifications correct (percent): 91.36152269
  Kappa Statistic (percent): 82.17962261
  Kappa Temporal Statistic (percent): 82.13682578
  Kappa M Statistic (percent): 79.43417189
Model measurements
  model training instances: 59999
  ensemble size: 10
  change detections: 0
  [avg] model training instances: 359851.2
  [err] model training instances: 399.80045022
  [avg] tree size (nodes): 523
  [err] tree size (nodes): 84.15329927
  [avg] tree size (leaves): 332.2
  [err] tree size (leaves): 59.812299
  [avg] active learning leaves: 332.2
  [err] active learning leaves: 59.812299
  [avg] tree depth: 7
  [err] tree depth: 0.47140452
  [avg] active leaf byte size estimate: 0
  [err] active leaf byte size estimate: 0
  [avg] inactive leaf byte size estimate: 0
  [err] inactive leaf byte size estimate: 0
  [avg] byte size estimate overhead: 1
  [err] byte size estimate overhead: 0

Index
  70000
Votes
  0: 0
  1: 10
Measurements
  classified instances: 69999
  classifications correct (percent): 91.80416863
  Kappa Statistic (percent): 83.11376498
  Kappa Temporal Statistic (percent): 83.10609853
  Kappa M Statistic (percent): 80.55517896
Model measurements
  model training instances: 69999
  ensemble size: 10
  change detections: 0
  [avg] model training instances: 419951.2
  [err] model training instances: 385.24272291
  [avg] tree size (nodes): 592.4
  [err] tree size (nodes): 94.88027544
  [avg] tree size (leaves): 375
  [err] tree size (leaves): 65.35543844
  [avg] active learning leaves: 375
  [err] active learning leaves: 65.35543844
  [avg] tree depth: 7.4
  [err] tree depth: 0.51639778
  [avg] active leaf byte size estimate: 0
  [err] active leaf byte size estimate: 0
  [avg] inactive leaf byte size estimate: 0
  [err] inactive leaf byte size estimate: 0
  [avg] byte size estimate overhead: 1
  [err] byte size estimate overhead: 0

Index
  80000
Votes
  0: 0.1899086
  1: 9.8100914
Measurements
  classified instances: 79999
  classifications correct (percent): 92.18490231
  Kappa Statistic (percent): 83.90447141
  Kappa Temporal Statistic (percent): 83.90692167
  Kappa M Statistic (percent): 81.45687507
Model measurements
  model training instances: 79999
  ensemble size: 10
  change detections: 0
  [avg] model training instances: 479949.1
  [err] model training instances: 455.53544807
  [avg] tree size (nodes): 670.8
  [err] tree size (nodes): 105.56072502
  [avg] tree size (leaves): 423.5
  [err] tree size (leaves): 71.20276212
  [avg] active learning leaves: 423.5
  [err] active learning leaves: 71.20276212
  [avg] tree depth: 7.7
  [err] tree depth: 0.48304589
  [avg] active leaf byte size estimate: 0
  [err] active leaf byte size estimate: 0
  [avg] inactive leaf byte size estimate: 0
  [err] inactive leaf byte size estimate: 0
  [avg] byte size estimate overhead: 1
  [err] byte size estimate overhead: 0

Index
  90000
Votes
  0: 0
  1: 10
Measurements
  classified instances: 89999
  classifications correct (percent): 92.51547239
  Kappa Statistic (percent): 84.58872657
  Kappa Temporal Statistic (percent): 84.58051963
  Kappa M Statistic (percent): 82.23628692
Model measurements
  model training instances: 89999
  ensemble size: 10
  change detections: 0
  [avg] model training instances: 539956.3
  [err] model training instances: 557.20055236
  [avg] tree size (nodes): 745.7
  [err] tree size (nodes): 117.02426149
  [avg] tree size (leaves): 471
  [err] tree size (leaves): 77.62588343
  [avg] active learning leaves: 471
  [err] active learning leaves: 77.62588343
  [avg] tree depth: 7.8
  [err] tree depth: 0.63245553
  [avg] active leaf byte size estimate: 0
  [err] active leaf byte size estimate: 0
  [avg] inactive leaf byte size estimate: 0
  [err] inactive leaf byte size estimate: 0
  [avg] byte size estimate overhead: 1
  [err] byte size estimate overhead: 0

Index
  100000
Votes
  0: 10
  1: 0
Measurements
  classified instances: 99999
  classifications correct (percent): 92.77692777
  Kappa Statistic (percent): 85.13644859
  Kappa Temporal Statistic (percent): 85.12071523
  Kappa M Statistic (percent): 82.87658243
Model measurements
  model training instances: 99999
  ensemble size: 10
  change detections: 0
  [avg] model training instances: 599818.3
  [err] model training instances: 696.05204946
  [avg] tree size (nodes): 822.4
  [err] tree size (nodes): 119.05759577
  [avg] tree size (leaves): 520.6
  [err] tree size (leaves): 78.57933005
  [avg] active learning leaves: 520.6
  [err] active learning leaves: 78.57933005
  [avg] tree depth: 7.9
  [err] tree depth: 0.56764621
  [avg] active leaf byte size estimate: 0
  [err] active leaf byte size estimate: 0
  [avg] inactive leaf byte size estimate: 0
  [err] inactive leaf byte size estimate: 0
  [avg] byte size estimate overhead: 1
  [err] byte size estimate overhead: 0



