--> classification-out0.arff
moa.classifiers.meta.OCBoost

Index
  10000
Votes
  0: 1
  1: 0
Measurements
  classified instances: 9999
  classifications correct (percent): 75.59755976
  Kappa Statistic (percent): 48.61313625
  Kappa Temporal Statistic (percent): 48.56661046
  Kappa M Statistic (percent): 40.41514042
Model measurements
  model training instances: 9999
  ensemble size: 10
  [avg] model training instances: 8388.28162003
  [err] model training instances: 71.36494041
  [avg] tree size (nodes): 11.5
  [err] tree size (nodes): 1.58113883
  [avg] tree size (leaves): 9.4
  [err] tree size (leaves): 1.26491106
  [avg] active learning leaves: 9.4
  [err] active learning leaves: 1.26491106
  [avg] tree depth: 2
  [err] tree depth: 0
  [avg] active leaf byte size estimate: 0
  [err] active leaf byte size estimate: 0
  [avg] inactive leaf byte size estimate: 0
  [err] inactive leaf byte size estimate: 0
  [avg] byte size estimate overhead: 1
  [err] byte size estimate overhead: 0

Index
  20000
Votes
  0: 0
  1: 1
Measurements
  classified instances: 19999
  classifications correct (percent): 78.87894395
  Kappa Statistic (percent): 56.00959772
  Kappa Temporal Statistic (percent): 55.90353899
  Kappa M Statistic (percent): 49.36466075
Model measurements
  model training instances: 19999
  ensemble size: 10
  [avg] model training instances: 15851.70363705
  [err] model training instances: 167.9017862
  [avg] tree size (nodes): 28.1
  [err] tree size (nodes): 6.55659126
  [avg] tree size (leaves): 21.6
  [err] tree size (leaves): 5.14673575
  [avg] active learning leaves: 21.6
  [err] active learning leaves: 5.14673575
  [avg] tree depth: 3
  [err] tree depth: 0
  [avg] active leaf byte size estimate: 0
  [err] active leaf byte size estimate: 0
  [avg] inactive leaf byte size estimate: 0
  [err] inactive leaf byte size estimate: 0
  [avg] byte size estimate overhead: 1
  [err] byte size estimate overhead: 0

Index
  30000
Votes
  0: 0
  1: 1
Measurements
  classified instances: 29999
  classifications correct (percent): 81.22937431
  Kappa Statistic (percent): 60.97293775
  Kappa Temporal Statistic (percent): 61.10381985
  Kappa M Statistic (percent): 54.90871236
Model measurements
  model training instances: 29999
  ensemble size: 10
  [avg] model training instances: 22375.14865864
  [err] model training instances: 365.2211819
  [avg] tree size (nodes): 46.4
  [err] tree size (nodes): 8.50098034
  [avg] tree size (leaves): 34.2
  [err] tree size (leaves): 6.46013416
  [avg] active learning leaves: 34.2
  [err] active learning leaves: 6.46013416
  [avg] tree depth: 3
  [err] tree depth: 0
  [avg] active leaf byte size estimate: 0
  [err] active leaf byte size estimate: 0
  [avg] inactive leaf byte size estimate: 0
  [err] inactive leaf byte size estimate: 0
  [avg] byte size estimate overhead: 1
  [err] byte size estimate overhead: 0

Index
  40000
Votes
  0: 0
  1: 1
Measurements
  classified instances: 39999
  classifications correct (percent): 82.52706318
  Kappa Statistic (percent): 63.7965735
  Kappa Temporal Statistic (percent): 63.88300346
  Kappa M Statistic (percent): 58.19976077
Model measurements
  model training instances: 39999
  ensemble size: 10
  [avg] model training instances: 28753.21243854
  [err] model training instances: 545.74298905
  [avg] tree size (nodes): 53
  [err] tree size (nodes): 9.01849951
  [avg] tree size (leaves): 38.1
  [err] tree size (leaves): 6.48845128
  [avg] active learning leaves: 38.1
  [err] active learning leaves: 6.48845128
  [avg] tree depth: 3.8
  [err] tree depth: 0.42163702
  [avg] active leaf byte size estimate: 0
  [err] active leaf byte size estimate: 0
  [avg] inactive leaf byte size estimate: 0
  [err] inactive leaf byte size estimate: 0
  [avg] byte size estimate overhead: 1
  [err] byte size estimate overhead: 0

Index
  50000
Votes
  0: 1
  1: 0
Measurements
  classified instances: 49999
  classifications correct (percent): 83.66367327
  Kappa Statistic (percent): 66.19869759
  Kappa Temporal Statistic (percent): 66.18925408
  Kappa M Statistic (percent): 60.91117917
Model measurements
  model training instances: 49999
  ensemble size: 10
  [avg] model training instances: 34777.80523119
  [err] model training instances: 767.64429107
  [avg] tree size (nodes): 55.6
  [err] tree size (nodes): 9.16757571
  [avg] tree size (leaves): 39.4
  [err] tree size (leaves): 6.58618082
  [avg] active learning leaves: 39.4
  [err] active learning leaves: 6.58618082
  [avg] tree depth: 4
  [err] tree depth: 0
  [avg] active leaf byte size estimate: 0
  [err] active leaf byte size estimate: 0
  [avg] inactive leaf byte size estimate: 0
  [err] inactive leaf byte size estimate: 0
  [avg] byte size estimate overhead: 1
  [err] byte size estimate overhead: 0

Index
  60000
Votes
  0: 0
  1: 1
Measurements
  classified instances: 59999
  classifications correct (percent): 84.4297405
  Kappa Statistic (percent): 67.86816177
  Kappa Temporal Statistic (percent): 67.80286059
  Kappa M Statistic (percent): 62.93151337
Model measurements
  model training instances: 59999
  ensemble size: 10
  [avg] model training instances: 40783.21210629
  [err] model training instances: 960.92540852
  [avg] tree size (nodes): 61.2
  [err] tree size (nodes): 14.1562707
  [avg] tree size (leaves): 43.1
  [err] tree size (leaves): 9.49210198
  [avg] active learning leaves: 43.1
  [err] active learning leaves: 9.49210198
  [avg] tree depth: 4.2
  [err] tree depth: 0.42163702
  [avg] active leaf byte size estimate: 0
  [err] active leaf byte size estimate: 0
  [avg] inactive leaf byte size estimate: 0
  [err] inactive leaf byte size estimate: 0
  [avg] byte size estimate overhead: 1
  [err] byte size estimate overhead: 0

Index
  70000
Votes
  0: 0
  1: 1
Measurements
  classified instances: 69999
  classifications correct (percent): 84.93549908
  Kappa Statistic (percent): 68.95878421
  Kappa Temporal Statistic (percent): 68.94784888
  Kappa M Statistic (percent): 64.25908351
Model measurements
  model training instances: 69999
  ensemble size: 10
  [avg] model training instances: 46830.07791904
  [err] model training instances: 1148.73184776
  [avg] tree size (nodes): 64.8
  [err] tree size (nodes): 18.04192648
  [avg] tree size (leaves): 45.2
  [err] tree size (leaves): 11.86779021
  [avg] active learning leaves: 45.2
  [err] active learning leaves: 11.86779021
  [avg] tree depth: 4.6
  [err] tree depth: 0.51639778
  [avg] active leaf byte size estimate: 0
  [err] active leaf byte size estimate: 0
  [avg] inactive leaf byte size estimate: 0
  [err] inactive leaf byte size estimate: 0
  [avg] byte size estimate overhead: 1
  [err] byte size estimate overhead: 0

Index
  80000
Votes
  0: 0
  1: 1
Measurements
  classified instances: 79999
  classifications correct (percent): 85.44231803
  Kappa Statistic (percent): 70.01031049
  Kappa Temporal Statistic (percent): 70.0223944
  Kappa M Statistic (percent): 65.45853601
Model measurements
  model training instances: 79999
  ensemble size: 10
  [avg] model training instances: 52733.24227107
  [err] model training instances: 1321.2056227
  [avg] tree size (nodes): 75.7
  [err] tree size (nodes): 14.17391971
  [avg] tree size (leaves): 53.2
  [err] tree size (leaves): 8.54790423
  [avg] active learning leaves: 53.2
  [err] active learning leaves: 8.54790423
  [avg] tree depth: 4.7
  [err] tree depth: 0.48304589
  [avg] active leaf byte size estimate: 0
  [err] active leaf byte size estimate: 0
  [avg] inactive leaf byte size estimate: 0
  [err] inactive leaf byte size estimate: 0
  [avg] byte size estimate overhead: 1
  [err] byte size estimate overhead: 0

Index
  90000
Votes
  0: 0
  1: 1
Measurements
  classified instances: 89999
  classifications correct (percent): 85.80317559
  Kappa Statistic (percent): 70.76806757
  Kappa Temporal Statistic (percent): 70.75197436
  Kappa M Statistic (percent): 66.30537975
Model measurements
  model training instances: 89999
  ensemble size: 10
  [avg] model training instances: 58560.19117091
  [err] model training instances: 1568.6729505
  [avg] tree size (nodes): 82.6
  [err] tree size (nodes): 16.39241017
  [avg] tree size (leaves): 57.1
  [err] tree size (leaves): 9.58528966
  [avg] active learning leaves: 57.1
  [err] active learning leaves: 9.58528966
  [avg] tree depth: 5
  [err] tree depth: 0
  [avg] active leaf byte size estimate: 0
  [err] active leaf byte size estimate: 0
  [avg] inactive leaf byte size estimate: 0
  [err] inactive leaf byte size estimate: 0
  [avg] byte size estimate overhead: 1
  [err] byte size estimate overhead: 0

Index
  100000
Votes
  0: 1
  1: 0
Measurements
  classified instances: 99999
  classifications correct (percent): 86.14286143
  Kappa Statistic (percent): 71.48806542
  Kappa Temporal Statistic (percent): 71.45476269
  Kappa M Statistic (percent): 67.14949505
Model measurements
  model training instances: 99999
  ensemble size: 10
  [avg] model training instances: 64255.7300068
  [err] model training instances: 1859.08409412
  [avg] tree size (nodes): 87.4
  [err] tree size (nodes): 16.83382838
  [avg] tree size (leaves): 59.8
  [err] tree size (leaves): 10.27186016
  [avg] active learning leaves: 59.8
  [err] active learning leaves: 10.27186016
  [avg] tree depth: 5.2
  [err] tree depth: 0.42163702
  [avg] active leaf byte size estimate: 0
  [err] active leaf byte size estimate: 0
  [avg] inactive leaf byte size estimate: 0
  [err] inactive leaf byte size estimate: 0
  [avg] byte size estimate overhead: 1
  [err] byte size estimate overhead: 0



