--> classification-out0.arff
moa.classifiers.meta.OnlineAccuracyUpdatedEnsemble

Index
  10000
Votes
  0: 2.02016452
  1: 0.36988811
Measurements
  classified instances: 9999
  classifications correct (percent): 81.78817882
  Kappa Statistic (percent): 62.22085531
  Kappa Temporal Statistic (percent): 61.61467116
  Kappa M Statistic (percent): 55.53113553
Model measurements
  model training instances: 9999
  [avg] model training instances: 7299
  [err] model training instances: 2562.5508125
  [avg] tree size (nodes): 65
  [err] tree size (nodes): 17.77013725
  [avg] tree size (leaves): 47.1
  [err] tree size (leaves): 12.2152
  [avg] active learning leaves: 47.1
  [err] active learning leaves: 12.2152
  [avg] tree depth: 3.2
  [err] tree depth: 0.63245553
  [avg] active leaf byte size estimate: 0
  [err] active leaf byte size estimate: 0
  [avg] inactive leaf byte size estimate: 0
  [err] inactive leaf byte size estimate: 0
  [avg] byte size estimate overhead: 1
  [err] byte size estimate overhead: 0

Index
  20000
Votes
  0: 0.40804294
  1: 2.2804657
Measurements
  classified instances: 19999
  classifications correct (percent): 85.44927246
  Kappa Statistic (percent): 69.93698974
  Kappa Temporal Statistic (percent): 69.62104604
  Kappa M Statistic (percent): 65.11627907
Model measurements
  model training instances: 19999
  [avg] model training instances: 16299
  [err] model training instances: 5528.71293039
  [avg] tree size (nodes): 104.6
  [err] tree size (nodes): 32.49341814
  [avg] tree size (leaves): 69.6
  [err] tree size (leaves): 20.586943
  [avg] active learning leaves: 69.6
  [err] active learning leaves: 20.586943
  [avg] tree depth: 4.4
  [err] tree depth: 1.0749677
  [avg] active leaf byte size estimate: 0
  [err] active leaf byte size estimate: 0
  [avg] inactive leaf byte size estimate: 0
  [err] inactive leaf byte size estimate: 0
  [avg] byte size estimate overhead: 1
  [err] byte size estimate overhead: 0

Index
  30000
Votes
  0: 0
  1: 2.56294189
Measurements
  classified instances: 29999
  classifications correct (percent): 87.18623954
  Kappa Statistic (percent): 73.51830153
  Kappa Temporal Statistic (percent): 73.44753747
  Kappa M Statistic (percent): 69.21844971
Model measurements
  model training instances: 29999
  [avg] model training instances: 25299
  [err] model training instances: 8635.19928355
  [avg] tree size (nodes): 143.7
  [err] tree size (nodes): 46.55713336
  [avg] tree size (leaves): 90.5
  [err] tree size (leaves): 28.23414009
  [avg] active learning leaves: 90.5
  [err] active learning leaves: 28.23414009
  [avg] tree depth: 4.9
  [err] tree depth: 1.10050493
  [avg] active leaf byte size estimate: 0
  [err] active leaf byte size estimate: 0
  [avg] inactive leaf byte size estimate: 0
  [err] inactive leaf byte size estimate: 0
  [avg] byte size estimate overhead: 1
  [err] byte size estimate overhead: 0

Index
  40000
Votes
  0: 0.33285879
  1: 2.48949411
Measurements
  classified instances: 39999
  classifications correct (percent): 88.17220431
  Kappa Statistic (percent): 75.57778341
  Kappa Temporal Statistic (percent): 75.55165108
  Kappa M Statistic (percent): 71.70454545
Model measurements
  model training instances: 39999
  [avg] model training instances: 34299
  [err] model training instances: 11771.43435044
  [avg] tree size (nodes): 176
  [err] tree size (nodes): 57.49975845
  [avg] tree size (leaves): 109.2
  [err] tree size (leaves): 34.88011213
  [avg] active learning leaves: 109.2
  [err] active learning leaves: 34.88011213
  [avg] tree depth: 4.9
  [err] tree depth: 1.10050493
  [avg] active leaf byte size estimate: 0
  [err] active leaf byte size estimate: 0
  [avg] inactive leaf byte size estimate: 0
  [err] inactive leaf byte size estimate: 0
  [avg] byte size estimate overhead: 1
  [err] byte size estimate overhead: 0

Index
  50000
Votes
  0: 2.39561824
  1: 0.43890503
Measurements
  classified instances: 49999
  classifications correct (percent): 88.90377808
  Kappa Statistic (percent): 77.08918108
  Kappa Temporal Statistic (percent): 77.03452273
  Kappa M Statistic (percent): 73.44946401
Model measurements
  model training instances: 49999
  [avg] model training instances: 43299
  [err] model training instances: 14918.66839455
  [avg] tree size (nodes): 203
  [err] tree size (nodes): 68.61486719
  [avg] tree size (leaves): 124.2
  [err] tree size (leaves): 41.46162885
  [avg] active learning leaves: 124.2
  [err] active learning leaves: 41.46162885
  [avg] tree depth: 5
  [err] tree depth: 1.15470054
  [avg] active leaf byte size estimate: 0
  [err] active leaf byte size estimate: 0
  [avg] inactive leaf byte size estimate: 0
  [err] inactive leaf byte size estimate: 0
  [avg] byte size estimate overhead: 1
  [err] byte size estimate overhead: 0

Index
  60000
Votes
  0: 0.01986946
  1: 2.87308365
Measurements
  classified instances: 59999
  classifications correct (percent): 89.51815864
  Kappa Statistic (percent): 78.39973681
  Kappa Temporal Statistic (percent): 78.32500431
  Kappa M Statistic (percent): 75.0456313
Model measurements
  model training instances: 59999
  [avg] model training instances: 52299
  [err] model training instances: 18071.15565388
  [avg] tree size (nodes): 244.8
  [err] tree size (nodes): 83.59930888
  [avg] tree size (leaves): 151.4
  [err] tree size (leaves): 51.19939236
  [avg] active learning leaves: 151.4
  [err] active learning leaves: 51.19939236
  [avg] tree depth: 5.2
  [err] tree depth: 1.22927259
  [avg] active leaf byte size estimate: 0
  [err] active leaf byte size estimate: 0
  [avg] inactive leaf byte size estimate: 0
  [err] inactive leaf byte size estimate: 0
  [avg] byte size estimate overhead: 1
  [err] byte size estimate overhead: 0

Index
  70000
Votes
  0: 0.10237135
  1: 2.84550818
Measurements
  classified instances: 69999
  classifications correct (percent): 90.04414349
  Kappa Statistic (percent): 79.50758518
  Kappa Temporal Statistic (percent): 79.47819429
  Kappa M Statistic (percent): 76.37947397
Model measurements
  model training instances: 69999
  [avg] model training instances: 61299
  [err] model training instances: 21226.55569485
  [avg] tree size (nodes): 276.6
  [err] tree size (nodes): 94.99847952
  [avg] tree size (leaves): 173
  [err] tree size (leaves): 59.07434111
  [avg] active learning leaves: 173
  [err] active learning leaves: 59.07434111
  [avg] tree depth: 5.7
  [err] tree depth: 1.33749351
  [avg] active leaf byte size estimate: 0
  [err] active leaf byte size estimate: 0
  [avg] inactive leaf byte size estimate: 0
  [err] inactive leaf byte size estimate: 0
  [avg] byte size estimate overhead: 1
  [err] byte size estimate overhead: 0

Index
  80000
Votes
  0: 0.03890026
  1: 2.89335254
Measurements
  classified instances: 79999
  classifications correct (percent): 90.52113151
  Kappa Statistic (percent): 80.49435109
  Kappa Temporal Statistic (percent): 80.48083606
  Kappa M Statistic (percent): 77.50919445
Model measurements
  model training instances: 79999
  [avg] model training instances: 70299
  [err] model training instances: 24383.73775012
  [avg] tree size (nodes): 297.6
  [err] tree size (nodes): 100.37950211
  [avg] tree size (leaves): 187.1
  [err] tree size (leaves): 62.33680917
  [avg] active learning leaves: 187.1
  [err] active learning leaves: 62.33680917
  [avg] tree depth: 5.8
  [err] tree depth: 1.3984118
  [avg] active leaf byte size estimate: 0
  [err] active leaf byte size estimate: 0
  [avg] inactive leaf byte size estimate: 0
  [err] inactive leaf byte size estimate: 0
  [avg] byte size estimate overhead: 1
  [err] byte size estimate overhead: 0

Index
  90000
Votes
  0: 0.01191177
  1: 3.02185205
Measurements
  classified instances: 89999
  classifications correct (percent): 90.87989867
  Kappa Statistic (percent): 81.23607111
  Kappa Temporal Statistic (percent): 81.21094197
  Kappa M Statistic (percent): 78.35443038
Model measurements
  model training instances: 89999
  [avg] model training instances: 79299
  [err] model training instances: 27542.08900332
  [avg] tree size (nodes): 325.1
  [err] tree size (nodes): 111.49135492
  [avg] tree size (leaves): 203.7
  [err] tree size (leaves): 69.34302817
  [avg] active learning leaves: 203.7
  [err] active learning leaves: 69.34302817
  [avg] tree depth: 5.8
  [err] tree depth: 1.3984118
  [avg] active leaf byte size estimate: 0
  [err] active leaf byte size estimate: 0
  [avg] inactive leaf byte size estimate: 0
  [err] inactive leaf byte size estimate: 0
  [avg] byte size estimate overhead: 1
  [err] byte size estimate overhead: 0

Index
  100000
Votes
  0: 2.95421575
  1: 0.03716583
Measurements
  classified instances: 99999
  classifications correct (percent): 91.20291203
  Kappa Statistic (percent): 81.91037869
  Kappa Temporal Statistic (percent): 81.87829598
  Kappa M Statistic (percent): 79.145133
Model measurements
  model training instances: 99999
  [avg] model training instances: 88299
  [err] model training instances: 30701.24861739
  [avg] tree size (nodes): 343.1
  [err] tree size (nodes): 115.74344234
  [avg] tree size (leaves): 214.5
  [err] tree size (leaves): 71.48154385
  [avg] active learning leaves: 214.5
  [err] active learning leaves: 71.48154385
  [avg] tree depth: 6.1
  [err] tree depth: 1.52388393
  [avg] active leaf byte size estimate: 0
  [err] active leaf byte size estimate: 0
  [avg] inactive leaf byte size estimate: 0
  [err] inactive leaf byte size estimate: 0
  [avg] byte size estimate overhead: 1
  [err] byte size estimate overhead: 0



