--> classification-out0.arff
moa.classifiers.meta.OzaBoostAdwin

Index
  10000
Votes
  0: 6.57385708
  1: 7.53643404
Measurements
  classified instances: 9999
  classifications correct (percent): 75.60756076
  Kappa Statistic (percent): 49.4754524
  Kappa Temporal Statistic (percent): 48.58768971
  Kappa M Statistic (percent): 40.43956044
Model measurements
  model training instances: 9999
  ensemble size: 10
  change detections: 13
  [avg] model training instances: 56450.9
  [err] model training instances: 32881.21366591
  [avg] tree size (nodes): 128
  [err] tree size (nodes): 65.00735001
  [avg] tree size (leaves): 95.2
  [err] tree size (leaves): 47.80883228
  [avg] active learning leaves: 95.2
  [err] active learning leaves: 47.80883228
  [avg] tree depth: 3.1
  [err] tree depth: 0.78102497
  [avg] active leaf byte size estimate: 0
  [err] active leaf byte size estimate: 0
  [avg] inactive leaf byte size estimate: 0
  [err] inactive leaf byte size estimate: 0
  [avg] byte size estimate overhead: 1
  [err] byte size estimate overhead: 0

Index
  20000
Votes
  0: 8.4246117
  1: 4.48442961
Measurements
  classified instances: 19999
  classifications correct (percent): 80.03900195
  Kappa Statistic (percent): 58.8688
  Kappa Temporal Statistic (percent): 58.32550371
  Kappa M Statistic (percent): 52.1457684
Model measurements
  model training instances: 19999
  ensemble size: 10
  change detections: 18
  [avg] model training instances: 122193.8
  [err] model training instances: 87315.62983895
  [avg] tree size (nodes): 229.9
  [err] tree size (nodes): 138.17625218
  [avg] tree size (leaves): 166
  [err] tree size (leaves): 98.06709721
  [avg] active learning leaves: 166
  [err] active learning leaves: 98.06709721
  [avg] tree depth: 3.9
  [err] tree depth: 0.79512403
  [avg] active leaf byte size estimate: 0
  [err] active leaf byte size estimate: 0
  [avg] inactive leaf byte size estimate: 0
  [err] inactive leaf byte size estimate: 0
  [avg] byte size estimate overhead: 1
  [err] byte size estimate overhead: 0

Index
  30000
Votes
  0: 0.36809243
  1: 12.82819717
Measurements
  classified instances: 29999
  classifications correct (percent): 82.23940798
  Kappa Statistic (percent): 63.36671413
  Kappa Temporal Statistic (percent): 63.19679492
  Kappa M Statistic (percent): 57.33504164
Model measurements
  model training instances: 29999
  ensemble size: 10
  change detections: 23
  [avg] model training instances: 230403.5
  [err] model training instances: 185423.66776812
  [avg] tree size (nodes): 348.8
  [err] tree size (nodes): 234.12137403
  [avg] tree size (leaves): 245.9
  [err] tree size (leaves): 161.19632268
  [avg] active learning leaves: 245.9
  [err] active learning leaves: 161.19632268
  [avg] tree depth: 4.2
  [err] tree depth: 0.77172246
  [avg] active leaf byte size estimate: 0
  [err] active leaf byte size estimate: 0
  [avg] inactive leaf byte size estimate: 0
  [err] inactive leaf byte size estimate: 0
  [avg] byte size estimate overhead: 1
  [err] byte size estimate overhead: 0

Index
  40000
Votes
  0: 3.38687419
  1: 10.58367611
Measurements
  classified instances: 39999
  classifications correct (percent): 83.50708768
  Kappa Statistic (percent): 66.01077694
  Kappa Temporal Statistic (percent): 65.90873857
  Kappa M Statistic (percent): 60.54425837
Model measurements
  model training instances: 39999
  ensemble size: 10
  change detections: 26
  [avg] model training instances: 322963.3
  [err] model training instances: 269022.65218714
  [avg] tree size (nodes): 454.1
  [err] tree size (nodes): 315.24570488
  [avg] tree size (leaves): 315.7
  [err] tree size (leaves): 214.14310117
  [avg] active learning leaves: 315.7
  [err] active learning leaves: 214.14310117
  [avg] tree depth: 4.7
  [err] tree depth: 0.84393259
  [avg] active leaf byte size estimate: 0
  [err] active leaf byte size estimate: 0
  [avg] inactive leaf byte size estimate: 0
  [err] inactive leaf byte size estimate: 0
  [avg] byte size estimate overhead: 1
  [err] byte size estimate overhead: 0

Index
  50000
Votes
  0: 10.26008478
  1: 3.58987428
Measurements
  classified instances: 49999
  classifications correct (percent): 84.41968839
  Kappa Statistic (percent): 67.89554928
  Kappa Temporal Statistic (percent): 67.75395314
  Kappa M Statistic (percent): 62.72013783
Model measurements
  model training instances: 49999
  ensemble size: 10
  change detections: 28
  [avg] model training instances: 415938.3
  [err] model training instances: 353204.21036751
  [avg] tree size (nodes): 551.3
  [err] tree size (nodes): 397.82059189
  [avg] tree size (leaves): 379.2
  [err] tree size (leaves): 267.90984387
  [avg] active learning leaves: 379.2
  [err] active learning leaves: 267.90984387
  [avg] tree depth: 4.9
  [err] tree depth: 0.9
  [avg] active leaf byte size estimate: 0
  [err] active leaf byte size estimate: 0
  [avg] inactive leaf byte size estimate: 0
  [err] inactive leaf byte size estimate: 0
  [avg] byte size estimate overhead: 1
  [err] byte size estimate overhead: 0

Index
  60000
Votes
  0: 1.96469029
  1: 12.3089234
Measurements
  classified instances: 59999
  classifications correct (percent): 85.14475241
  Kappa Statistic (percent): 69.44471701
  Kappa Temporal Statistic (percent): 69.28140617
  Kappa M Statistic (percent): 64.63375923
Model measurements
  model training instances: 59999
  ensemble size: 10
  change detections: 30
  [avg] model training instances: 522460.6
  [err] model training instances: 450833.16754728
  [avg] tree size (nodes): 651.8
  [err] tree size (nodes): 483.40346158
  [avg] tree size (leaves): 443.4
  [err] tree size (leaves): 322.21515241
  [avg] active learning leaves: 443.4
  [err] active learning leaves: 322.21515241
  [avg] tree depth: 5.1
  [err] tree depth: 0.88756846
  [avg] active leaf byte size estimate: 0
  [err] active leaf byte size estimate: 0
  [avg] inactive leaf byte size estimate: 0
  [err] inactive leaf byte size estimate: 0
  [avg] byte size estimate overhead: 1
  [err] byte size estimate overhead: 0

Index
  70000
Votes
  0: 1.8698861
  1: 12.24140402
Measurements
  classified instances: 69999
  classifications correct (percent): 85.70693867
  Kappa Statistic (percent): 70.62739087
  Kappa Temporal Statistic (percent): 70.53800171
  Kappa M Statistic (percent): 66.08934382
Model measurements
  model training instances: 69999
  ensemble size: 10
  change detections: 31
  [avg] model training instances: 591635.8
  [err] model training instances: 511905.01047796
  [avg] tree size (nodes): 720
  [err] tree size (nodes): 534.32697023
  [avg] tree size (leaves): 487.5
  [err] tree size (leaves): 354.19640659
  [avg] active learning leaves: 487.5
  [err] active learning leaves: 354.19640659
  [avg] tree depth: 5.2
  [err] tree depth: 0.86666667
  [avg] active leaf byte size estimate: 0
  [err] active leaf byte size estimate: 0
  [avg] inactive leaf byte size estimate: 0
  [err] inactive leaf byte size estimate: 0
  [avg] byte size estimate overhead: 1
  [err] byte size estimate overhead: 0

Index
  80000
Votes
  0: 5.90909709
  1: 8.49574161
Measurements
  classified instances: 79999
  classifications correct (percent): 86.24357804
  Kappa Statistic (percent): 71.73401834
  Kappa Temporal Statistic (percent): 71.67237252
  Kappa M Statistic (percent): 67.35971052
Model measurements
  model training instances: 79999
  ensemble size: 10
  change detections: 33
  [avg] model training instances: 724319.2
  [err] model training instances: 635773.30346147
  [avg] tree size (nodes): 837.1
  [err] tree size (nodes): 625.3061197
  [avg] tree size (leaves): 561.4
  [err] tree size (leaves): 408.83678352
  [avg] active learning leaves: 561.4
  [err] active learning leaves: 408.83678352
  [avg] tree depth: 5.3
  [err] tree depth: 0.93154591
  [avg] active leaf byte size estimate: 0
  [err] active leaf byte size estimate: 0
  [avg] inactive leaf byte size estimate: 0
  [err] inactive leaf byte size estimate: 0
  [avg] byte size estimate overhead: 1
  [err] byte size estimate overhead: 0

Index
  90000
Votes
  0: 1.48100484
  1: 13.94617147
Measurements
  classified instances: 89999
  classifications correct (percent): 86.65207391
  Kappa Statistic (percent): 72.58447184
  Kappa Temporal Statistic (percent): 72.50085842
  Kappa M Statistic (percent): 68.32014768
Model measurements
  model training instances: 89999
  ensemble size: 10
  change detections: 35
  [avg] model training instances: 846481.3
  [err] model training instances: 749954.65722675
  [avg] tree size (nodes): 915.5
  [err] tree size (nodes): 683.27227776
  [avg] tree size (leaves): 610.4
  [err] tree size (leaves): 443.31945342
  [avg] active learning leaves: 610.4
  [err] active learning leaves: 443.31945342
  [avg] tree depth: 5.7
  [err] tree depth: 0.96666667
  [avg] active leaf byte size estimate: 0
  [err] active leaf byte size estimate: 0
  [avg] inactive leaf byte size estimate: 0
  [err] inactive leaf byte size estimate: 0
  [avg] byte size estimate overhead: 1
  [err] byte size estimate overhead: 0

Index
  100000
Votes
  0: 9.1605093
  1: 4.01421799
Measurements
  classified instances: 99999
  classifications correct (percent): 87.06487065
  Kappa Statistic (percent): 73.44308254
  Kappa Temporal Statistic (percent): 73.35407053
  Kappa M Statistic (percent): 69.33526149
Model measurements
  model training instances: 99999
  ensemble size: 10
  change detections: 35
  [avg] model training instances: 892796.5
  [err] model training instances: 788384.42119705
  [avg] tree size (nodes): 987.2
  [err] tree size (nodes): 737.68939263
  [avg] tree size (leaves): 655
  [err] tree size (leaves): 475.56502067
  [avg] active learning leaves: 655
  [err] active learning leaves: 475.56502067
  [avg] tree depth: 6
  [err] tree depth: 0.85634884
  [avg] active leaf byte size estimate: 0
  [err] active leaf byte size estimate: 0
  [avg] inactive leaf byte size estimate: 0
  [err] inactive leaf byte size estimate: 0
  [avg] byte size estimate overhead: 1
  [err] byte size estimate overhead: 0



