--> classification-out0.arff
moa.classifiers.meta.WEKAClassifier

Index
  10000
Votes
  0: 0.63891996
  1: 0.36108004
Measurements
  classified instances: 9999
  classifications correct (percent): 72.91729173
  Kappa Statistic (percent): 41.86141605
  Kappa Temporal Statistic (percent): 42.91736931
  Kappa M Statistic (percent): 33.87057387
Model measurements
  model training instances: 9999

Index
  20000
Votes
  0: 0.35787722
  1: 0.64212278
Measurements
  classified instances: 19999
  classifications correct (percent): 73.17365868
  Kappa Statistic (percent): 42.94787835
  Kappa Temporal Statistic (percent): 43.99206598
  Kappa M Statistic (percent): 35.68688564
Model measurements
  model training instances: 19999

Index
  30000
Votes
  0: 0.37390531
  1: 0.62609469
Measurements
  classified instances: 29999
  classifications correct (percent): 73.27244241
  Kappa Statistic (percent): 43.15541352
  Kappa Temporal Statistic (percent): 44.61559715
  Kappa M Statistic (percent): 35.79436259
Model measurements
  model training instances: 29999

Index
  40000
Votes
  0: 0.23253429
  1: 0.76746571
Measurements
  classified instances: 39999
  classifications correct (percent): 73.3918348
  Kappa Statistic (percent): 43.56376484
  Kappa Temporal Statistic (percent): 45.00025838
  Kappa M Statistic (percent): 36.34569378
Model measurements
  model training instances: 39999

Index
  50000
Votes
  0: 0.2942062
  1: 0.7057938
Measurements
  classified instances: 49999
  classifications correct (percent): 73.36346727
  Kappa Statistic (percent): 43.50122402
  Kappa Temporal Statistic (percent): 44.87126418
  Kappa M Statistic (percent): 36.26531394
Model measurements
  model training instances: 49999

Index
  60000
Votes
  0: 0.16693456
  1: 0.83306544
Measurements
  classified instances: 59999
  classifications correct (percent): 73.36622277
  Kappa Statistic (percent): 43.63731409
  Kappa Temporal Statistic (percent): 44.92503877
  Kappa M Statistic (percent): 36.59233394
Model measurements
  model training instances: 59999

Index
  70000
Votes
  0: 0.39138633
  1: 0.60861367
Measurements
  classified instances: 69999
  classifications correct (percent): 73.38961985
  Kappa Statistic (percent): 43.75574554
  Kappa Temporal Statistic (percent): 45.1485615
  Kappa M Statistic (percent): 36.86618764
Model measurements
  model training instances: 69999

Index
  80000
Votes
  0: 0.55337429
  1: 0.44662571
Measurements
  classified instances: 79999
  classifications correct (percent): 73.37466718
  Kappa Statistic (percent): 43.73592275
  Kappa Temporal Statistic (percent): 45.17233391
  Kappa M Statistic (percent): 36.82524617
Model measurements
  model training instances: 79999

Index
  90000
Votes
  0: 0.50976884
  1: 0.49023116
Measurements
  classified instances: 89999
  classifications correct (percent): 73.40192669
  Kappa Statistic (percent): 43.79515463
  Kappa Temporal Statistic (percent): 45.20315898
  Kappa M Statistic (percent): 36.87236287
Model measurements
  model training instances: 89999

Index
  100000
Votes
  0: 0.88372545
  1: 0.11627455
Measurements
  classified instances: 99999
  classifications correct (percent): 73.39773398
  Kappa Statistic (percent): 43.81916875
  Kappa Temporal Statistic (percent): 45.20023072
  Kappa M Statistic (percent): 36.93518562
Model measurements
  model training instances: 99999



