--> classification-out0.arff
moa.classifiers.functions.Perceptron

Index
  10000
Votes
  0: 1
  1: 0
Measurements
  classified instances: 9999
  classifications correct (percent): 60.56605661
  Kappa Statistic (percent): 14.58053886
  Kappa Temporal Statistic (percent): 16.88448567
  Kappa M Statistic (percent): 3.71184371
Model measurements
  model training instances: 9999

Index
  20000
Votes
  0: 0
  1: 1
Measurements
  classified instances: 19999
  classifications correct (percent): 60.5780289
  Kappa Statistic (percent): 15.66547339
  Kappa Temporal Statistic (percent): 17.69495772
  Kappa M Statistic (percent): 5.4902901
Model measurements
  model training instances: 19999

Index
  30000
Votes
  0: 0
  1: 1
Measurements
  classified instances: 29999
  classifications correct (percent): 61.07536918
  Kappa Statistic (percent): 16.11413873
  Kappa Temporal Statistic (percent): 19.34102369
  Kappa M Statistic (percent): 6.49423447
Model measurements
  model training instances: 29999

Index
  40000
Votes
  0: 0.21927306
  1: 0.78072694
Measurements
  classified instances: 39999
  classifications correct (percent): 60.72651816
  Kappa Statistic (percent): 16.25921999
  Kappa Temporal Statistic (percent): 18.82073278
  Kappa M Statistic (percent): 6.04665072
Model measurements
  model training instances: 39999

Index
  50000
Votes
  0: 0.50003863
  1: 0.49996137
Measurements
  classified instances: 49999
  classifications correct (percent): 60.43120862
  Kappa Statistic (percent): 16.57599528
  Kappa Temporal Statistic (percent): 18.10580346
  Kappa M Statistic (percent): 5.32159265
Model measurements
  model training instances: 49999

Index
  60000
Votes
  0: 0
  1: 1
Measurements
  classified instances: 59999
  classifications correct (percent): 60.25933766
  Kappa Statistic (percent): 16.59662639
  Kappa Temporal Statistic (percent): 17.8218163
  Kappa M Statistic (percent): 5.38846123
Model measurements
  model training instances: 59999

Index
  70000
Votes
  0: 1
  1: 0
Measurements
  classified instances: 69999
  classifications correct (percent): 60.20800297
  Kappa Statistic (percent): 16.95899541
  Kappa Temporal Statistic (percent): 17.97756118
  Kappa M Statistic (percent): 5.59246204
Model measurements
  model training instances: 69999

Index
  80000
Votes
  0: 0.99345669
  1: 0.00654331
Measurements
  classified instances: 79999
  classifications correct (percent): 60.03950049
  Kappa Statistic (percent): 16.83389735
  Kappa Temporal Statistic (percent): 17.71216762
  Kappa M Statistic (percent): 5.18448214
Model measurements
  model training instances: 79999

Index
  90000
Votes
  0: 0.5
  1: 0.5
Measurements
  classified instances: 89999
  classifications correct (percent): 59.91399904
  Kappa Statistic (percent): 16.60980374
  Kappa Temporal Statistic (percent): 17.41558887
  Kappa M Statistic (percent): 4.86023207
Model measurements
  model training instances: 89999

Index
  100000
Votes
  0: 0.50000347
  1: 0.49999653
Measurements
  classified instances: 99999
  classifications correct (percent): 59.87259873
  Kappa Statistic (percent): 16.60960489
  Kappa Temporal Statistic (percent): 17.33890903
  Kappa M Statistic (percent): 4.87174624
Model measurements
  model training instances: 99999



