--> classification-out0.arff
moa.classifiers.meta.imbalanced.OnlineSMOTEBagging -l bayes.NaiveBayes -s 1 -d

Index
  10000
Votes
  0: 1.85208303
  1: 1.14791697
Measurements
  classified instances: 9999
  classifications correct (percent): 72.59725973
  Kappa Statistic (percent): 40.49956178
  Kappa Temporal Statistic (percent): 42.24283305
  Kappa M Statistic (percent): 33.08913309
Model measurements
  model training instances: 9999

Index
  20000
Votes
  0: 0.99513423
  1: 2.00486577
Measurements
  classified instances: 19999
  classifications correct (percent): 73.02365118
  Kappa Statistic (percent): 42.00526931
  Kappa Temporal Statistic (percent): 43.67888089
  Kappa M Statistic (percent): 35.32725965
Model measurements
  model training instances: 19999

Index
  30000
Votes
  0: 1.00455087
  1: 1.99544913
Measurements
  classified instances: 29999
  classifications correct (percent): 73.11910397
  Kappa Statistic (percent): 42.19525344
  Kappa Temporal Statistic (percent): 44.29785176
  Kappa M Statistic (percent): 35.42600897
Model measurements
  model training instances: 29999

Index
  40000
Votes
  0: 0.63865124
  1: 2.36134876
Measurements
  classified instances: 39999
  classifications correct (percent): 73.26933173
  Kappa Statistic (percent): 42.67740187
  Kappa Temporal Statistic (percent): 44.7470415
  Kappa M Statistic (percent): 36.05263158
Model measurements
  model training instances: 39999

Index
  50000
Votes
  0: 0.8445044
  1: 2.1554956
Measurements
  classified instances: 49999
  classifications correct (percent): 73.25146503
  Kappa Statistic (percent): 42.63410171
  Kappa Temporal Statistic (percent): 44.63945691
  Kappa M Statistic (percent): 35.99732006
Model measurements
  model training instances: 49999

Index
  60000
Votes
  0: 0.44041441
  1: 2.55958559
Measurements
  classified instances: 59999
  classifications correct (percent): 73.31622194
  Kappa Statistic (percent): 42.91457071
  Kappa Temporal Statistic (percent): 44.82164398
  Kappa M Statistic (percent): 36.47329577
Model measurements
  model training instances: 59999

Index
  70000
Votes
  0: 1.03810844
  1: 1.96189156
Measurements
  classified instances: 69999
  classifications correct (percent): 73.32390463
  Kappa Statistic (percent): 43.02800681
  Kappa Temporal Statistic (percent): 45.01310404
  Kappa M Statistic (percent): 36.71027657
Model measurements
  model training instances: 69999

Index
  80000
Votes
  0: 1.53084956
  1: 1.46915044
Measurements
  classified instances: 79999
  classifications correct (percent): 73.31716646
  Kappa Statistic (percent): 43.02525917
  Kappa Temporal Statistic (percent): 45.05392674
  Kappa M Statistic (percent): 36.68881243
Model measurements
  model training instances: 79999

Index
  90000
Votes
  0: 1.41392948
  1: 1.58607052
Measurements
  classified instances: 89999
  classifications correct (percent): 73.33970377
  Kappa Statistic (percent): 43.07787894
  Kappa Temporal Statistic (percent): 45.07496852
  Kappa M Statistic (percent): 36.72468354
Model measurements
  model training instances: 89999

Index
  100000
Votes
  0: 2.59720709
  1: 0.40279291
Measurements
  classified instances: 99999
  classifications correct (percent): 73.32173322
  Kappa Statistic (percent): 43.08319534
  Kappa Temporal Statistic (percent): 45.04367172
  Kappa M Statistic (percent): 36.75501399
Model measurements
  model training instances: 99999



