--> classification-out0.arff
moa.classifiers.meta.imbalanced.OnlineAdaC2 -l bayes.NaiveBayes -s 1 -d

Index
  10000
Votes
  0: 1.59648695
  1: 1.40351305
Measurements
  classified instances: 9999
  classifications correct (percent): 68.19681968
  Kappa Statistic (percent): 27.09522453
  Kappa Temporal Statistic (percent): 32.96795953
  Kappa M Statistic (percent): 22.34432234
Model measurements
  model training instances: 9999

Index
  20000
Votes
  0: 0.9783894
  1: 2.0216106
Measurements
  classified instances: 19999
  classifications correct (percent): 68.84344217
  Kappa Statistic (percent): 29.67790628
  Kappa Temporal Statistic (percent): 34.95145631
  Kappa M Statistic (percent): 25.30568209
Model measurements
  model training instances: 19999

Index
  30000
Votes
  0: 1.02849527
  1: 1.97150473
Measurements
  classified instances: 29999
  classifications correct (percent): 69.09563652
  Kappa Statistic (percent): 30.18025695
  Kappa Temporal Statistic (percent): 35.96048905
  Kappa M Statistic (percent): 25.7607303
Model measurements
  model training instances: 29999

Index
  40000
Votes
  0: 0.84795271
  1: 2.15204729
Measurements
  classified instances: 39999
  classifications correct (percent): 69.14172854
  Kappa Statistic (percent): 30.52340369
  Kappa Temporal Statistic (percent): 36.21518268
  Kappa M Statistic (percent): 26.17822967
Model measurements
  model training instances: 39999

Index
  50000
Votes
  0: 0.81004923
  1: 2.18995077
Measurements
  classified instances: 49999
  classifications correct (percent): 69.09538191
  Kappa Statistic (percent): 30.3705114
  Kappa Temporal Statistic (percent): 36.03775147
  Kappa M Statistic (percent): 26.05283308
Model measurements
  model training instances: 49999

Index
  60000
Votes
  0: 0.57329225
  1: 2.42670775
Measurements
  classified instances: 59999
  classifications correct (percent): 69.07948466
  Kappa Statistic (percent): 30.59532836
  Kappa Temporal Statistic (percent): 36.06065828
  Kappa M Statistic (percent): 26.3867947
Model measurements
  model training instances: 59999

Index
  70000
Votes
  0: 1.06595173
  1: 1.93404827
Measurements
  classified instances: 69999
  classifications correct (percent): 69.09955857
  Kappa Statistic (percent): 30.82784493
  Kappa Temporal Statistic (percent): 36.30554492
  Kappa M Statistic (percent): 26.68790672
Model measurements
  model training instances: 69999

Index
  80000
Votes
  0: 1.37066262
  1: 1.62933738
Measurements
  classified instances: 79999
  classifications correct (percent): 69.17961475
  Kappa Statistic (percent): 31.02245794
  Kappa Temporal Statistic (percent): 36.53375891
  Kappa M Statistic (percent): 26.87151501
Model measurements
  model training instances: 79999

Index
  90000
Votes
  0: 1.26552333
  1: 1.73447667
Measurements
  classified instances: 89999
  classifications correct (percent): 69.26965855
  Kappa Statistic (percent): 31.23341346
  Kappa Temporal Statistic (percent): 36.68993934
  Kappa M Statistic (percent): 27.06487342
Model measurements
  model training instances: 89999

Index
  100000
Votes
  0: 1.80621758
  1: 1.19378242
Measurements
  classified instances: 99999
  classifications correct (percent): 69.24869249
  Kappa Statistic (percent): 31.2530118
  Kappa Temporal Statistic (percent): 36.65334542
  Kappa M Statistic (percent): 27.09923664
Model measurements
  model training instances: 99999



