--> classification-out0.arff
moa.classifiers.active.ActiveClassifier

Index
  10000
Votes
  0: 0.00005338
  1: 0.00003947
Measurements
  classified instances: 9999
  classifications correct (percent): 70.2170217
  Kappa Statistic (percent): 35.62968955
  Kappa Temporal Statistic (percent): 37.22596965
  Kappa M Statistic (percent): 27.27716728
Model measurements
  model training instances: 9999
  labeling cost: 988
  newThreshold: 1
  maxPosterior: 0
  accuracyBaseLearner (percent): 0
  model training instances: 988
  Change detected: 0
  Warning detected: 1
  model training instances: 988

Index
  20000
Votes
  0: 0.00007055
  1: 0.00011026
Measurements
  classified instances: 19999
  classifications correct (percent): 71.50357518
  Kappa Statistic (percent): 39.10842476
  Kappa Temporal Statistic (percent): 40.50527195
  Kappa M Statistic (percent): 31.68304963
Model measurements
  model training instances: 19999
  labeling cost: 2000
  newThreshold: 1
  maxPosterior: 0
  accuracyBaseLearner (percent): 0
  model training instances: 2000
  Change detected: 0
  Warning detected: 0
  model training instances: 2000

Index
  30000
Votes
  0: 0.00018138
  1: 0.0002193
Measurements
  classified instances: 29999
  classifications correct (percent): 71.99573319
  Kappa Statistic (percent): 40.21938951
  Kappa Temporal Statistic (percent): 41.97002141
  Kappa M Statistic (percent): 32.72741832
Model measurements
  model training instances: 29999
  labeling cost: 2996
  newThreshold: 1
  maxPosterior: 0
  accuracyBaseLearner (percent): 0
  model training instances: 2996
  Change detected: 0
  Warning detected: 0
  model training instances: 2996

Index
  40000
Votes
  0: 0.00004046
  1: 0.00014003
Measurements
  classified instances: 39999
  classifications correct (percent): 72.33930848
  Kappa Statistic (percent): 41.20711772
  Kappa Temporal Statistic (percent): 42.82466022
  Kappa M Statistic (percent): 33.8277512
Model measurements
  model training instances: 39999
  labeling cost: 3991
  newThreshold: 1
  maxPosterior: 0
  accuracyBaseLearner (percent): 0
  model training instances: 3991
  Change detected: 0
  Warning detected: 0
  model training instances: 3991

Index
  50000
Votes
  0: 0.00002441
  1: 0.00004722
Measurements
  classified instances: 49999
  classifications correct (percent): 72.37544751
  Kappa Statistic (percent): 41.33690695
  Kappa Temporal Statistic (percent): 42.82639291
  Kappa M Statistic (percent): 33.90122511
Model measurements
  model training instances: 49999
  labeling cost: 4958
  newThreshold: 1
  maxPosterior: 0
  accuracyBaseLearner (percent): 0
  model training instances: 4958
  Change detected: 0
  Warning detected: 0
  model training instances: 4958

Index
  60000
Votes
  0: 0.00003903
  1: 0.00019164
Measurements
  classified instances: 59999
  classifications correct (percent): 72.45954099
  Kappa Statistic (percent): 41.70608975
  Kappa Temporal Statistic (percent): 43.05014648
  Kappa M Statistic (percent): 34.4337751
Model measurements
  model training instances: 59999
  labeling cost: 5972
  newThreshold: 1
  maxPosterior: 0
  accuracyBaseLearner (percent): 0
  model training instances: 5972
  Change detected: 0
  Warning detected: 0
  model training instances: 5972

Index
  70000
Votes
  0: 0.00011874
  1: 0.00020674
Measurements
  classified instances: 69999
  classifications correct (percent): 72.5410363
  Kappa Statistic (percent): 42.02757691
  Kappa Temporal Statistic (percent): 43.39939339
  Kappa M Statistic (percent): 34.8529013
Model measurements
  model training instances: 69999
  labeling cost: 6989
  newThreshold: 1
  maxPosterior: 0
  accuracyBaseLearner (percent): 0
  model training instances: 6989
  Change detected: 0
  Warning detected: 0
  model training instances: 6989

Index
  80000
Votes
  0: 0.0001736
  1: 0.0001267
Measurements
  classified instances: 79999
  classifications correct (percent): 72.58965737
  Kappa Statistic (percent): 42.17160145
  Kappa Temporal Statistic (percent): 43.55581868
  Kappa M Statistic (percent): 34.96262902
Model measurements
  model training instances: 79999
  labeling cost: 7994
  newThreshold: 1
  maxPosterior: 0
  accuracyBaseLearner (percent): 0
  model training instances: 7994
  Change detected: 0
  Warning detected: 0
  model training instances: 7994

Index
  90000
Votes
  0: 0.00008598
  1: 0.0000778
Measurements
  classified instances: 89999
  classifications correct (percent): 72.68969655
  Kappa Statistic (percent): 42.40012894
  Kappa Temporal Statistic (percent): 43.7358361
  Kappa M Statistic (percent): 35.18196203
Model measurements
  model training instances: 89999
  labeling cost: 8998
  newThreshold: 1
  maxPosterior: 0
  accuracyBaseLearner (percent): 0
  model training instances: 8998
  Change detected: 0
  Warning detected: 0
  model training instances: 8998

Index
  100000
Votes
  0: 0.00025205
  1: 0.00003062
Measurements
  classified instances: 99999
  classifications correct (percent): 72.73672737
  Kappa Statistic (percent): 42.55540926
  Kappa Temporal Statistic (percent): 43.83857943
  Kappa M Statistic (percent): 35.36816652
Model measurements
  model training instances: 99999
  labeling cost: 9987
  newThreshold: 1
  maxPosterior: 0
  accuracyBaseLearner (percent): 0
  model training instances: 9987
  Change detected: 0
  Warning detected: 0
  model training instances: 9987



